STEP 1/11: FROM mcr.microsoft.com/playwright:v1.57.0-jammy
STEP 2/11: WORKDIR /app
--> 8f06aa0b27a6
STEP 3/11: COPY frontend/package*.json ./frontend/
--> 2eefa960e116
STEP 4/11: WORKDIR /app/frontend
--> cf79ac0cad88
STEP 5/11: RUN npm install --legacy-peer-deps
npm warn deprecated sourcemap-codec@1.4.8: Please use @jridgewell/sourcemap-codec instead
npm warn deprecated rimraf@3.0.2: Rimraf versions prior to v4 are no longer supported
npm warn deprecated read-package-json@5.0.2: This package is no longer supported. Please use @npmcli/package-json instead.
npm warn deprecated npmlog@6.0.2: This package is no longer supported.
npm warn deprecated inflight@1.0.6: This module is not supported, and leaks memory. Do not use it. Check out lru-cache if you want a good and tested way to coalesce async requests by a key value, which is much more comprehensive and powerful.
npm warn deprecated glob@8.0.3: Glob versions prior to v9 are no longer supported
npm warn deprecated gauge@4.0.4: This package is no longer supported.
npm warn deprecated eslint@8.57.0: This version is no longer supported. Please see https://eslint.org/version-support for other options.
npm warn deprecated are-we-there-yet@3.0.1: This package is no longer supported.
npm warn deprecated acorn-import-assertions@1.9.0: package has been renamed to acorn-import-attributes
npm warn deprecated abab@2.0.6: Use your platform's native atob() and btoa() methods instead
npm warn deprecated @npmcli/move-file@2.0.1: This functionality has been moved to @npmcli/fs
npm warn deprecated @humanwhocodes/config-array@0.11.14: Use @eslint/config-array instead
npm warn deprecated @humanwhocodes/object-schema@2.0.3: Use @eslint/object-schema instead
npm warn deprecated @babel/plugin-proposal-private-property-in-object@7.21.11: This proposal has been merged to the ECMAScript standard and thus this plugin is no longer maintained. Please use @babel/plugin-transform-private-property-in-object instead.
npm warn deprecated @babel/plugin-proposal-optional-catch-binding@7.18.6: This proposal has been merged to the ECMAScript standard and thus this plugin is no longer maintained. Please use @babel/plugin-transform-optional-catch-binding instead.
npm warn deprecated @babel/plugin-proposal-nullish-coalescing-operator@7.18.6: This proposal has been merged to the ECMAScript standard and thus this plugin is no longer maintained. Please use @babel/plugin-transform-nullish-coalescing-operator instead.
npm warn deprecated @babel/plugin-proposal-unicode-property-regex@7.18.6: This proposal has been merged to the ECMAScript standard and thus this plugin is no longer maintained. Please use @babel/plugin-transform-unicode-property-regex instead.
npm warn deprecated @babel/plugin-proposal-object-rest-spread@7.20.7: This proposal has been merged to the ECMAScript standard and thus this plugin is no longer maintained. Please use @babel/plugin-transform-object-rest-spread instead.
npm warn deprecated @babel/plugin-proposal-optional-chaining@7.21.0: This proposal has been merged to the ECMAScript standard and thus this plugin is no longer maintained. Please use @babel/plugin-transform-optional-chaining instead.
npm warn deprecated @babel/plugin-proposal-numeric-separator@7.18.6: This proposal has been merged to the ECMAScript standard and thus this plugin is no longer maintained. Please use @babel/plugin-transform-numeric-separator instead.
npm warn deprecated @babel/plugin-proposal-json-strings@7.18.6: This proposal has been merged to the ECMAScript standard and thus this plugin is no longer maintained. Please use @babel/plugin-transform-json-strings instead.
npm warn deprecated @babel/plugin-proposal-private-methods@7.18.6: This proposal has been merged to the ECMAScript standard and thus this plugin is no longer maintained. Please use @babel/plugin-transform-private-methods instead.
npm warn deprecated @babel/plugin-proposal-dynamic-import@7.18.6: This proposal has been merged to the ECMAScript standard and thus this plugin is no longer maintained. Please use @babel/plugin-transform-dynamic-import instead.
npm warn deprecated @babel/plugin-proposal-class-properties@7.18.6: This proposal has been merged to the ECMAScript standard and thus this plugin is no longer maintained. Please use @babel/plugin-transform-class-properties instead.
npm warn deprecated @babel/plugin-proposal-class-static-block@7.21.0: This proposal has been merged to the ECMAScript standard and thus this plugin is no longer maintained. Please use @babel/plugin-transform-class-static-block instead.
npm warn deprecated @babel/plugin-proposal-async-generator-functions@7.18.10: This proposal has been merged to the ECMAScript standard and thus this plugin is no longer maintained. Please use @babel/plugin-transform-async-generator-functions instead.
npm warn deprecated @babel/plugin-proposal-export-namespace-from@7.18.9: This proposal has been merged to the ECMAScript standard and thus this plugin is no longer maintained. Please use @babel/plugin-transform-export-namespace-from instead.
npm warn deprecated @babel/plugin-proposal-logical-assignment-operators@7.20.7: This proposal has been merged to the ECMAScript standard and thus this plugin is no longer maintained. Please use @babel/plugin-transform-logical-assignment-operators instead.
npm warn deprecated glob@7.2.3: Glob versions prior to v9 are no longer supported
npm warn deprecated glob@7.2.3: Glob versions prior to v9 are no longer supported
npm warn deprecated glob@7.2.3: Glob versions prior to v9 are no longer supported
npm warn deprecated glob@7.2.3: Glob versions prior to v9 are no longer supported
npm warn deprecated glob@7.2.3: Glob versions prior to v9 are no longer supported

added 1026 packages, and audited 1027 packages in 7s

162 packages are looking for funding
  run `npm fund` for details

13 vulnerabilities (4 low, 4 moderate, 5 high)

To address issues that do not require attention, run:
  npm audit fix

To address all issues (including breaking changes), run:
  npm audit fix --force

Run `npm audit` for details.
npm notice
npm notice New patch version of npm available! 11.6.2 -> 11.6.4
npm notice Changelog: https://github.com/npm/cli/releases/tag/v11.6.4
npm notice To update run: npm install -g npm@11.6.4
npm notice
--> 41aada0ce6dd
STEP 6/11: WORKDIR /app
--> cce8bd307329
STEP 7/11: COPY . .
--> 6b50314dde3d
STEP 8/11: WORKDIR /app/frontend
--> 6016e668c25d
STEP 9/11: RUN npm run build

> frontend@0.0.0 build
> ng build

- Generating browser application bundles (phase: setup)...
✔ Browser application bundle generation complete.
✔ Browser application bundle generation complete.
- Copying assets...
✔ Copying assets complete.
- Generating index html...
✔ Index html generation complete.

Initial Chunk Files           | Names         |  Raw Size | Estimated Transfer Size
main.fc0396f31bb9aac9.js      | main          |   5.42 MB |                 1.19 MB
styles.8103fd259778d733.css   | styles        | 172.10 kB |                16.89 kB
polyfills.1a4a779d95e3f377.js | polyfills     |  33.07 kB |                10.62 kB
runtime.1eef65174679b3b8.js   | runtime       |   1.06 kB |               598 bytes

| Initial Total |   5.62 MB |                 1.22 MB

Build at: 2025-12-06T02:17:53.656Z - Hash: 56f5df7cd45d0ac0 - Time: 29357ms

Warning: bundle initial exceeded maximum budget. Budget 5.00 MB was not met by 633.25 kB with a total of 5.62 MB.


--> 026170707ac8
STEP 10/11: ENTRYPOINT ["sh", "-c"]
--> 84d98375e13c
STEP 11/11: CMD ["npm start -- --host 0.0.0.0 --port 4205 & sleep 5 && IN_DOCKER=true npm run test:e2e"]
COMMIT generic-prime-e2e
--> 2b66537d86c2
Successfully tagged localhost/generic-prime-e2e:latest
2b66537d86c248855442f3864932d8c61aeb3847d54bc9590546497bcf7a1d76
